Archive member included to satisfy reference by file (symbol)

c:/st/stm32cubeide_1.7.0/stm32cubeide/plugins/com.st.stm32cube.ide.mcu.externaltools.gnu-tools-for-stm32.9-2020-q2-update.win32_2.0.0.202105311346/tools/bin/../lib/gcc/arm-none-eabi/9.3.1/../../../../arm-none-eabi/lib/thumb/v7e-m+fp/hard\libc_nano.a(lib_a-errno.o)
                              ./Src/syscalls.o (__errno)
c:/st/stm32cubeide_1.7.0/stm32cubeide/plugins/com.st.stm32cube.ide.mcu.externaltools.gnu-tools-for-stm32.9-2020-q2-update.win32_2.0.0.202105311346/tools/bin/../lib/gcc/arm-none-eabi/9.3.1/../../../../arm-none-eabi/lib/thumb/v7e-m+fp/hard\libc_nano.a(lib_a-exit.o)
                              c:/st/stm32cubeide_1.7.0/stm32cubeide/plugins/com.st.stm32cube.ide.mcu.externaltools.gnu-tools-for-stm32.9-2020-q2-update.win32_2.0.0.202105311346/tools/bin/../lib/gcc/arm-none-eabi/9.3.1/../../../../arm-none-eabi/lib/thumb/v7e-m+fp/hard/crt0.o (exit)
c:/st/stm32cubeide_1.7.0/stm32cubeide/plugins/com.st.stm32cube.ide.mcu.externaltools.gnu-tools-for-stm32.9-2020-q2-update.win32_2.0.0.202105311346/tools/bin/../lib/gcc/arm-none-eabi/9.3.1/../../../../arm-none-eabi/lib/thumb/v7e-m+fp/hard\libc_nano.a(lib_a-impure.o)
                              c:/st/stm32cubeide_1.7.0/stm32cubeide/plugins/com.st.stm32cube.ide.mcu.externaltools.gnu-tools-for-stm32.9-2020-q2-update.win32_2.0.0.202105311346/tools/bin/../lib/gcc/arm-none-eabi/9.3.1/../../../../arm-none-eabi/lib/thumb/v7e-m+fp/hard\libc_nano.a(lib_a-exit.o) (_global_impure_ptr)
c:/st/stm32cubeide_1.7.0/stm32cubeide/plugins/com.st.stm32cube.ide.mcu.externaltools.gnu-tools-for-stm32.9-2020-q2-update.win32_2.0.0.202105311346/tools/bin/../lib/gcc/arm-none-eabi/9.3.1/../../../../arm-none-eabi/lib/thumb/v7e-m+fp/hard\libc_nano.a(lib_a-init.o)
                              c:/st/stm32cubeide_1.7.0/stm32cubeide/plugins/com.st.stm32cube.ide.mcu.externaltools.gnu-tools-for-stm32.9-2020-q2-update.win32_2.0.0.202105311346/tools/bin/../lib/gcc/arm-none-eabi/9.3.1/../../../../arm-none-eabi/lib/thumb/v7e-m+fp/hard/crt0.o (__libc_init_array)
c:/st/stm32cubeide_1.7.0/stm32cubeide/plugins/com.st.stm32cube.ide.mcu.externaltools.gnu-tools-for-stm32.9-2020-q2-update.win32_2.0.0.202105311346/tools/bin/../lib/gcc/arm-none-eabi/9.3.1/../../../../arm-none-eabi/lib/thumb/v7e-m+fp/hard\libc_nano.a(lib_a-memset.o)
                              c:/st/stm32cubeide_1.7.0/stm32cubeide/plugins/com.st.stm32cube.ide.mcu.externaltools.gnu-tools-for-stm32.9-2020-q2-update.win32_2.0.0.202105311346/tools/bin/../lib/gcc/arm-none-eabi/9.3.1/../../../../arm-none-eabi/lib/thumb/v7e-m+fp/hard/crt0.o (memset)

Allocating common symbols
Common symbol       size              file

bufferUSART2dma     0x100             ./Src/usart.o
LetterCount         0x2               ./Src/main.o

Discarded input sections

 .text          0x0000000000000000        0x0 c:/st/stm32cubeide_1.7.0/stm32cubeide/plugins/com.st.stm32cube.ide.mcu.externaltools.gnu-tools-for-stm32.9-2020-q2-update.win32_2.0.0.202105311346/tools/bin/../lib/gcc/arm-none-eabi/9.3.1/thumb/v7e-m+fp/hard/crti.o
 .data          0x0000000000000000        0x0 c:/st/stm32cubeide_1.7.0/stm32cubeide/plugins/com.st.stm32cube.ide.mcu.externaltools.gnu-tools-for-stm32.9-2020-q2-update.win32_2.0.0.202105311346/tools/bin/../lib/gcc/arm-none-eabi/9.3.1/thumb/v7e-m+fp/hard/crti.o
 .bss           0x0000000000000000        0x0 c:/st/stm32cubeide_1.7.0/stm32cubeide/plugins/com.st.stm32cube.ide.mcu.externaltools.gnu-tools-for-stm32.9-2020-q2-update.win32_2.0.0.202105311346/tools/bin/../lib/gcc/arm-none-eabi/9.3.1/thumb/v7e-m+fp/hard/crti.o
 .data          0x0000000000000000        0x4 c:/st/stm32cubeide_1.7.0/stm32cubeide/plugins/com.st.stm32cube.ide.mcu.externaltools.gnu-tools-for-stm32.9-2020-q2-update.win32_2.0.0.202105311346/tools/bin/../lib/gcc/arm-none-eabi/9.3.1/thumb/v7e-m+fp/hard/crtbegin.o
 .text          0x0000000000000000       0x7c c:/st/stm32cubeide_1.7.0/stm32cubeide/plugins/com.st.stm32cube.ide.mcu.externaltools.gnu-tools-for-stm32.9-2020-q2-update.win32_2.0.0.202105311346/tools/bin/../lib/gcc/arm-none-eabi/9.3.1/../../../../arm-none-eabi/lib/thumb/v7e-m+fp/hard/crt0.o
 .data          0x0000000000000000        0x0 c:/st/stm32cubeide_1.7.0/stm32cubeide/plugins/com.st.stm32cube.ide.mcu.externaltools.gnu-tools-for-stm32.9-2020-q2-update.win32_2.0.0.202105311346/tools/bin/../lib/gcc/arm-none-eabi/9.3.1/../../../../arm-none-eabi/lib/thumb/v7e-m+fp/hard/crt0.o
 .bss           0x0000000000000000        0x0 c:/st/stm32cubeide_1.7.0/stm32cubeide/plugins/com.st.stm32cube.ide.mcu.externaltools.gnu-tools-for-stm32.9-2020-q2-update.win32_2.0.0.202105311346/tools/bin/../lib/gcc/arm-none-eabi/9.3.1/../../../../arm-none-eabi/lib/thumb/v7e-m+fp/hard/crt0.o
[...]
Memory Configuration

Name             Origin             Length             Attributes
FLASH            0x0000000008000000 0x0000000000010000 xr
CCMRAM           0x0000000010000000 0x0000000000001000 xrw
RAM              0x0000000020000000 0x0000000000003000 xrw
*default*        0x0000000000000000 0xffffffffffffffff

Linker script and memory map

LOAD c:/st/stm32cubeide_1.7.0/stm32cubeide/plugins/com.st.stm32cube.ide.mcu.externaltools.gnu-tools-for-stm32.9-2020-q2-update.win32_2.0.0.202105311346/tools/bin/../lib/gcc/arm-none-eabi/9.3.1/thumb/v7e-m+fp/hard/crti.o
LOAD c:/st/stm32cubeide_1.7.0/stm32cubeide/plugins/com.st.stm32cube.ide.mcu.externaltools.gnu-tools-for-stm32.9-2020-q2-update.win32_2.0.0.202105311346/tools/bin/../lib/gcc/arm-none-eabi/9.3.1/thumb/v7e-m+fp/hard/crtbegin.o
LOAD c:/st/stm32cubeide_1.7.0/stm32cubeide/plugins/com.st.stm32cube.ide.mcu.externaltools.gnu-tools-for-stm32.9-2020-q2-update.win32_2.0.0.202105311346/tools/bin/../lib/gcc/arm-none-eabi/9.3.1/../../../../arm-none-eabi/lib/thumb/v7e-m+fp/hard/crt0.o
LOAD ./Drivers/STM32F3xx_HAL_Driver/Src/stm32f3xx_ll_dma.o
LOAD ./Drivers/STM32F3xx_HAL_Driver/Src/stm32f3xx_ll_exti.o
LOAD ./Drivers/STM32F3xx_HAL_Driver/Src/stm32f3xx_ll_gpio.o
LOAD ./Drivers/STM32F3xx_HAL_Driver/Src/stm32f3xx_ll_rcc.o
LOAD ./Drivers/STM32F3xx_HAL_Driver/Src/stm32f3xx_ll_usart.o
LOAD ./Drivers/STM32F3xx_HAL_Driver/Src/stm32f3xx_ll_utils.o
LOAD ./Src/dma.o
LOAD ./Src/gpio.o
LOAD ./Src/main.o
LOAD ./Src/stm32f3xx_it.o
LOAD ./Src/syscalls.o
LOAD ./Src/sysmem.o
LOAD ./Src/system_stm32f3xx.o
LOAD ./Src/usart.o
LOAD ./Startup/startup_stm32f303k8tx.o
START GROUP
LOAD c:/st/stm32cubeide_1.7.0/stm32cubeide/plugins/com.st.stm32cube.ide.mcu.externaltools.gnu-tools-for-stm32.9-2020-q2-update.win32_2.0.0.202105311346/tools/bin/../lib/gcc/arm-none-eabi/9.3.1/../../../../arm-none-eabi/lib/thumb/v7e-m+fp/hard\libc_nano.a
LOAD c:/st/stm32cubeide_1.7.0/stm32cubeide/plugins/com.st.stm32cube.ide.mcu.externaltools.gnu-tools-for-stm32.9-2020-q2-update.win32_2.0.0.202105311346/tools/bin/../lib/gcc/arm-none-eabi/9.3.1/../../../../arm-none-eabi/lib/thumb/v7e-m+fp/hard\libm.a
END GROUP
START GROUP
LOAD c:/st/stm32cubeide_1.7.0/stm32cubeide/plugins/com.st.stm32cube.ide.mcu.externaltools.gnu-tools-for-stm32.9-2020-q2-update.win32_2.0.0.202105311346/tools/bin/../lib/gcc/arm-none-eabi/9.3.1/thumb/v7e-m+fp/hard\libgcc.a
LOAD c:/st/stm32cubeide_1.7.0/stm32cubeide/plugins/com.st.stm32cube.ide.mcu.externaltools.gnu-tools-for-stm32.9-2020-q2-update.win32_2.0.0.202105311346/tools/bin/../lib/gcc/arm-none-eabi/9.3.1/../../../../arm-none-eabi/lib/thumb/v7e-m+fp/hard\libc_nano.a
END GROUP
START GROUP
LOAD c:/st/stm32cubeide_1.7.0/stm32cubeide/plugins/com.st.stm32cube.ide.mcu.externaltools.gnu-tools-for-stm32.9-2020-q2-update.win32_2.0.0.202105311346/tools/bin/../lib/gcc/arm-none-eabi/9.3.1/thumb/v7e-m+fp/hard\libgcc.a
LOAD c:/st/stm32cubeide_1.7.0/stm32cubeide/plugins/com.st.stm32cube.ide.mcu.externaltools.gnu-tools-for-stm32.9-2020-q2-update.win32_2.0.0.202105311346/tools/bin/../lib/gcc/arm-none-eabi/9.3.1/../../../../arm-none-eabi/lib/thumb/v7e-m+fp/hard\libc_nano.a
LOAD c:/st/stm32cubeide_1.7.0/stm32cubeide/plugins/com.st.stm32cube.ide.mcu.externaltools.gnu-tools-for-stm32.9-2020-q2-update.win32_2.0.0.202105311346/tools/bin/../lib/gcc/arm-none-eabi/9.3.1/../../../../arm-none-eabi/lib/thumb/v7e-m+fp/hard\libnosys.a
END GROUP
START GROUP
LOAD c:/st/stm32cubeide_1.7.0/stm32cubeide/plugins/com.st.stm32cube.ide.mcu.externaltools.gnu-tools-for-stm32.9-2020-q2-update.win32_2.0.0.202105311346/tools/bin/../lib/gcc/arm-none-eabi/9.3.1/thumb/v7e-m+fp/hard\libgcc.a
LOAD c:/st/stm32cubeide_1.7.0/stm32cubeide/plugins/com.st.stm32cube.ide.mcu.externaltools.gnu-tools-for-stm32.9-2020-q2-update.win32_2.0.0.202105311346/tools/bin/../lib/gcc/arm-none-eabi/9.3.1/../../../../arm-none-eabi/lib/thumb/v7e-m+fp/hard\libc_nano.a
LOAD c:/st/stm32cubeide_1.7.0/stm32cubeide/plugins/com.st.stm32cube.ide.mcu.externaltools.gnu-tools-for-stm32.9-2020-q2-update.win32_2.0.0.202105311346/tools/bin/../lib/gcc/arm-none-eabi/9.3.1/../../../../arm-none-eabi/lib/thumb/v7e-m+fp/hard\libnosys.a
END GROUP
LOAD c:/st/stm32cubeide_1.7.0/stm32cubeide/plugins/com.st.stm32cube.ide.mcu.externaltools.gnu-tools-for-stm32.9-2020-q2-update.win32_2.0.0.202105311346/tools/bin/../lib/gcc/arm-none-eabi/9.3.1/thumb/v7e-m+fp/hard/crtend.o
LOAD c:/st/stm32cubeide_1.7.0/stm32cubeide/plugins/com.st.stm32cube.ide.mcu.externaltools.gnu-tools-for-stm32.9-2020-q2-update.win32_2.0.0.202105311346/tools/bin/../lib/gcc/arm-none-eabi/9.3.1/thumb/v7e-m+fp/hard/crtn.o
                0x0000000020003000                _estack = 0x20003000
                0x0000000000000200                _Min_Heap_Size = 0x200
                0x0000000000000400                _Min_Stack_Size = 0x400

.isr_vector     0x0000000008000000      0x188
                0x0000000008000000                . = ALIGN (0x4)
 *(.isr_vector)
 .isr_vector    0x0000000008000000      0x188 ./Startup/startup_stm32f303k8tx.o
                0x0000000008000000                g_pfnVectors
                0x0000000008000188                . = ALIGN (0x4)

.text           0x0000000008000188     0x19c4
                0x0000000008000188                . = ALIGN (0x4)
 *(.text)
 .text          0x0000000008000188       0x40 c:/st/stm32cubeide_1.7.0/stm32cubeide/plugins/com.st.stm32cube.ide.mcu.externaltools.gnu-tools-for-stm32.9-2020-q2-update.win32_2.0.0.202105311346/tools/bin/../lib/gcc/arm-none-eabi/9.3.1/thumb/v7e-m+fp/hard/crtbegin.o
 *(.text*)
 .text.LL_GPIO_SetPinMode
                0x00000000080001c8       0x5a ./Drivers/STM32F3xx_HAL_Driver/Src/stm32f3xx_ll_gpio.o
 .text.LL_GPIO_SetPinOutputType
                0x0000000008000222       0x30 ./Drivers/STM32F3xx_HAL_Driver/Src/stm32f3xx_ll_gpio.o
 .text.LL_GPIO_SetPinSpeed
                0x0000000008000252       0x5a ./Drivers/STM32F3xx_HAL_Driver/Src/stm32f3xx_ll_gpio.o
 .text.LL_GPIO_SetPinPull
                0x00000000080002ac       0x5a ./Drivers/STM32F3xx_HAL_Driver/Src/stm32f3xx_ll_gpio.o
 .text.LL_GPIO_SetAFPin_0_7
                0x0000000008000306       0x5a ./Drivers/STM32F3xx_HAL_Driver/Src/stm32f3xx_ll_gpio.o
 .text.LL_GPIO_SetAFPin_8_15
                0x0000000008000360       0x5e ./Drivers/STM32F3xx_HAL_Driver/Src/stm32f3xx_ll_gpio.o
 .text.LL_GPIO_Init
                0x00000000080003be       0xf4 ./Drivers/STM32F3xx_HAL_Driver/Src/stm32f3xx_ll_gpio.o
                0x00000000080003be                LL_GPIO_Init
 *fill*         0x00000000080004b2        0x2 
 .text.LL_RCC_HSI_IsReady
                0x00000000080004b4       0x24 ./Drivers/STM32F3xx_HAL_Driver/Src/stm32f3xx_ll_rcc.o
 .text.LL_RCC_LSE_IsReady
                0x00000000080004d8       0x24 ./Drivers/STM32F3xx_HAL_Driver/Src/stm32f3xx_ll_rcc.o
 .text.LL_RCC_GetSysClkSource
                0x00000000080004fc       0x1c ./Drivers/STM32F3xx_HAL_Driver/Src/stm32f3xx_ll_rcc.o
 .text.LL_RCC_GetAHBPrescaler
                0x0000000008000518       0x1c ./Drivers/STM32F3xx_HAL_Driver/Src/stm32f3xx_ll_rcc.o
 .text.LL_RCC_GetAPB1Prescaler
                0x0000000008000534       0x1c ./Drivers/STM32F3xx_HAL_Driver/Src/stm32f3xx_ll_rcc.o
 .text.LL_RCC_GetAPB2Prescaler
                0x0000000008000550       0x1c ./Drivers/STM32F3xx_HAL_Driver/Src/stm32f3xx_ll_rcc.o
 .text.LL_RCC_GetUSARTClockSource
                0x000000000800056c       0x2c ./Drivers/STM32F3xx_HAL_Driver/Src/stm32f3xx_ll_rcc.o
 .text.LL_RCC_PLL_GetMainSource
                0x0000000008000598       0x1c ./Drivers/STM32F3xx_HAL_Driver/Src/stm32f3xx_ll_rcc.o
 .text.LL_RCC_PLL_GetMultiplicator
                0x00000000080005b4       0x1c ./Drivers/STM32F3xx_HAL_Driver/Src/stm32f3xx_ll_rcc.o
 .text.LL_RCC_PLL_GetPrediv
                0x00000000080005d0       0x1c ./Drivers/STM32F3xx_HAL_Driver/Src/stm32f3xx_ll_rcc.o
 .text.LL_RCC_GetSystemClocksFreq
                0x00000000080005ec       0x4a ./Drivers/STM32F3xx_HAL_Driver/Src/stm32f3xx_ll_rcc.o
                0x00000000080005ec                LL_RCC_GetSystemClocksFreq
 *fill*         0x0000000008000636        0x2 
 .text.LL_RCC_GetUSARTClockFreq
                0x0000000008000638       0x88 ./Drivers/STM32F3xx_HAL_Driver/Src/stm32f3xx_ll_rcc.o
                0x0000000008000638                LL_RCC_GetUSARTClockFreq
 .text.RCC_GetSystemClockFreq
                0x00000000080006c0       0x4c ./Drivers/STM32F3xx_HAL_Driver/Src/stm32f3xx_ll_rcc.o
                0x00000000080006c0                RCC_GetSystemClockFreq
 .text.RCC_GetHCLKClockFreq
                0x000000000800070c       0x2c ./Drivers/STM32F3xx_HAL_Driver/Src/stm32f3xx_ll_rcc.o
                0x000000000800070c                RCC_GetHCLKClockFreq
 .text.RCC_GetPCLK1ClockFreq
                0x0000000008000738       0x28 ./Drivers/STM32F3xx_HAL_Driver/Src/stm32f3xx_ll_rcc.o
                0x0000000008000738                RCC_GetPCLK1ClockFreq
 .text.RCC_GetPCLK2ClockFreq
                0x0000000008000760       0x28 ./Drivers/STM32F3xx_HAL_Driver/Src/stm32f3xx_ll_rcc.o
                0x0000000008000760                RCC_GetPCLK2ClockFreq
 .text.RCC_PLL_GetFreqDomain_SYS
                0x0000000008000788       0x7c ./Drivers/STM32F3xx_HAL_Driver/Src/stm32f3xx_ll_rcc.o
                0x0000000008000788                RCC_PLL_GetFreqDomain_SYS
 .text.LL_USART_IsEnabled
                0x0000000008000804       0x26 ./Drivers/STM32F3xx_HAL_Driver/Src/stm32f3xx_ll_usart.o
 .text.LL_USART_SetStopBitsLength
                0x000000000800082a       0x26 ./Drivers/STM32F3xx_HAL_Driver/Src/stm32f3xx_ll_usart.o
 .text.LL_USART_SetHWFlowCtrl
                0x0000000008000850       0x26 ./Drivers/STM32F3xx_HAL_Driver/Src/stm32f3xx_ll_usart.o
 .text.LL_USART_SetBaudRate
                0x0000000008000876       0x64 ./Drivers/STM32F3xx_HAL_Driver/Src/stm32f3xx_ll_usart.o
 *fill*         0x00000000080008da        0x2 
 .text.LL_USART_Init
                0x00000000080008dc       0xd8 ./Drivers/STM32F3xx_HAL_Driver/Src/stm32f3xx_ll_usart.o
                0x00000000080008dc                LL_USART_Init
 .text.LL_InitTick
                0x00000000080009b4       0x34 ./Drivers/STM32F3xx_HAL_Driver/Src/stm32f3xx_ll_utils.o
 .text.LL_Init1msTick
                0x00000000080009e8       0x1a ./Drivers/STM32F3xx_HAL_Driver/Src/stm32f3xx_ll_utils.o
                0x00000000080009e8                LL_Init1msTick
 *fill*         0x0000000008000a02        0x2 
 .text.LL_SetSystemCoreClock
                0x0000000008000a04       0x20 ./Drivers/STM32F3xx_HAL_Driver/Src/stm32f3xx_ll_utils.o
                0x0000000008000a04                LL_SetSystemCoreClock
 .text.NVIC_EnableIRQ
                0x0000000008000a24       0x34 ./Src/dma.o
 .text.NVIC_SetPriority
                0x0000000008000a58       0x54 ./Src/dma.o
 .text.LL_AHB1_GRP1_EnableClock
                0x0000000008000aac       0x30 ./Src/dma.o
 .text.MX_DMA_Init
                0x0000000008000adc       0x2a ./Src/dma.o
                0x0000000008000adc                MX_DMA_Init
 *fill*         0x0000000008000b06        0x2 
 .text.LL_AHB1_GRP1_EnableClock
                0x0000000008000b08       0x30 ./Src/gpio.o
 .text.LL_GPIO_ResetOutputPin
                0x0000000008000b38       0x1c ./Src/gpio.o
 .text.MX_GPIO_Init
                0x0000000008000b54       0x58 ./Src/gpio.o
                0x0000000008000b54                MX_GPIO_Init
 .text.NVIC_SetPriorityGrouping
                0x0000000008000bac       0x48 ./Src/main.o
 .text.LL_RCC_HSI_Enable
                0x0000000008000bf4       0x20 ./Src/main.o
 .text.LL_RCC_HSI_IsReady
                0x0000000008000c14       0x24 ./Src/main.o
 .text.LL_RCC_HSI_SetCalibTrimming
                0x0000000008000c38       0x2c ./Src/main.o
 .text.LL_RCC_SetSysClkSource
                0x0000000008000c64       0x28 ./Src/main.o
 .text.LL_RCC_GetSysClkSource
                0x0000000008000c8c       0x1c ./Src/main.o
 .text.LL_RCC_SetAHBPrescaler
                0x0000000008000ca8       0x28 ./Src/main.o
 .text.LL_RCC_SetAPB1Prescaler
                0x0000000008000cd0       0x28 ./Src/main.o
 .text.LL_RCC_SetAPB2Prescaler
                0x0000000008000cf8       0x28 ./Src/main.o
 .text.LL_APB1_GRP1_EnableClock
                0x0000000008000d20       0x30 ./Src/main.o
 .text.LL_APB2_GRP1_EnableClock
                0x0000000008000d50       0x30 ./Src/main.o
 .text.LL_FLASH_SetLatency
                0x0000000008000d80       0x28 ./Src/main.o
 .text.LL_FLASH_GetLatency
                0x0000000008000da8       0x1c ./Src/main.o
 .text.LL_SYSTICK_SetClkSource
                0x0000000008000dc4       0x38 ./Src/main.o
 .text.main     0x0000000008000dfc       0x34 ./Src/main.o
                0x0000000008000dfc                main
 .text.SystemClock_Config
                0x0000000008000e30       0x6c ./Src/main.o
                0x0000000008000e30                SystemClock_Config
 .text.proccesDmaData
                0x0000000008000e9c       0xd8 ./Src/main.o
                0x0000000008000e9c                proccesDmaData
 .text.Error_Handler
                0x0000000008000f74        0xe ./Src/main.o
                0x0000000008000f74                Error_Handler
 *fill*         0x0000000008000f82        0x2 
 .text.LL_DMA_DisableChannel
                0x0000000008000f84       0x40 ./Src/stm32f3xx_it.o
 .text.LL_DMA_IsActiveFlag_TC6
                0x0000000008000fc4       0x28 ./Src/stm32f3xx_it.o
 .text.LL_DMA_IsActiveFlag_TC7
                0x0000000008000fec       0x28 ./Src/stm32f3xx_it.o
 .text.LL_DMA_IsActiveFlag_HT6
                0x0000000008001014       0x28 ./Src/stm32f3xx_it.o
 .text.LL_DMA_ClearFlag_TC6
                0x000000000800103c       0x1c ./Src/stm32f3xx_it.o
 .text.LL_DMA_ClearFlag_TC7
                0x0000000008001058       0x1c ./Src/stm32f3xx_it.o
 .text.LL_DMA_ClearFlag_HT6
                0x0000000008001074       0x1c ./Src/stm32f3xx_it.o
 .text.LL_USART_IsActiveFlag_IDLE
                0x0000000008001090       0x26 ./Src/stm32f3xx_it.o
 .text.LL_USART_IsActiveFlag_TC
                0x00000000080010b6       0x26 ./Src/stm32f3xx_it.o
 .text.LL_USART_ClearFlag_IDLE
                0x00000000080010dc       0x1a ./Src/stm32f3xx_it.o
 .text.NMI_Handler
                0x00000000080010f6        0xe ./Src/stm32f3xx_it.o
                0x00000000080010f6                NMI_Handler
 .text.HardFault_Handler
                0x0000000008001104        0x6 ./Src/stm32f3xx_it.o
                0x0000000008001104                HardFault_Handler
 .text.MemManage_Handler
                0x000000000800110a        0x6 ./Src/stm32f3xx_it.o
                0x000000000800110a                MemManage_Handler
 .text.BusFault_Handler
                0x0000000008001110        0x6 ./Src/stm32f3xx_it.o
                0x0000000008001110                BusFault_Handler
 .text.UsageFault_Handler
                0x0000000008001116        0x6 ./Src/stm32f3xx_it.o
                0x0000000008001116                UsageFault_Handler
 .text.SVC_Handler
                0x000000000800111c        0xe ./Src/stm32f3xx_it.o
                0x000000000800111c                SVC_Handler
 .text.DebugMon_Handler
                0x000000000800112a        0xe ./Src/stm32f3xx_it.o
                0x000000000800112a                DebugMon_Handler
 .text.PendSV_Handler
                0x0000000008001138        0xe ./Src/stm32f3xx_it.o
                0x0000000008001138                PendSV_Handler
 .text.SysTick_Handler
                0x0000000008001146        0xe ./Src/stm32f3xx_it.o
                0x0000000008001146                SysTick_Handler
 .text.DMA1_Channel6_IRQHandler
                0x0000000008001154       0x3c ./Src/stm32f3xx_it.o
                0x0000000008001154                DMA1_Channel6_IRQHandler
 .text.DMA1_Channel7_IRQHandler
                0x0000000008001190       0x38 ./Src/stm32f3xx_it.o
                0x0000000008001190                DMA1_Channel7_IRQHandler
 .text.USART2_IRQHandler
                0x00000000080011c8       0x24 ./Src/stm32f3xx_it.o
                0x00000000080011c8                USART2_IRQHandler
 .text.SystemInit
                0x00000000080011ec       0x94 ./Src/system_stm32f3xx.o
                0x00000000080011ec                SystemInit
 .text.NVIC_EnableIRQ
                0x0000000008001280       0x34 ./Src/usart.o
 .text.NVIC_SetPriority
                0x00000000080012b4       0x54 ./Src/usart.o
 .text.LL_DMA_EnableChannel
                0x0000000008001308       0x40 ./Src/usart.o
 .text.LL_DMA_SetDataTransferDirection
                0x0000000008001348       0x4c ./Src/usart.o
 .text.LL_DMA_GetDataTransferDirection
                0x0000000008001394       0x30 ./Src/usart.o
 .text.LL_DMA_SetMode
                0x00000000080013c4       0x48 ./Src/usart.o
 .text.LL_DMA_SetPeriphIncMode
                0x000000000800140c       0x48 ./Src/usart.o
 .text.LL_DMA_SetMemoryIncMode
                0x0000000008001454       0x48 ./Src/usart.o
 .text.LL_DMA_SetPeriphSize
                0x000000000800149c       0x48 ./Src/usart.o
 .text.LL_DMA_SetMemorySize
                0x00000000080014e4       0x48 ./Src/usart.o
 .text.LL_DMA_SetChannelPriorityLevel
                0x000000000800152c       0x48 ./Src/usart.o
 .text.LL_DMA_SetDataLength
                0x0000000008001574       0x48 ./Src/usart.o
 .text.LL_DMA_GetDataLength
                0x00000000080015bc       0x2c ./Src/usart.o
 .text.LL_DMA_ConfigAddresses
                0x00000000080015e8       0x78 ./Src/usart.o
 .text.LL_DMA_SetPeriphAddress
                0x0000000008001660       0x30 ./Src/usart.o
 .text.LL_DMA_EnableIT_TE
                0x0000000008001690       0x40 ./Src/usart.o
 .text.LL_AHB1_GRP1_EnableClock
                0x00000000080016d0       0x30 ./Src/usart.o
 .text.LL_APB1_GRP1_EnableClock
                0x0000000008001700       0x30 ./Src/usart.o
 .text.LL_USART_Enable
                0x0000000008001730       0x20 ./Src/usart.o
 .text.LL_USART_ConfigAsyncMode
                0x0000000008001750       0x2c ./Src/usart.o
 .text.LL_USART_EnableIT_IDLE
                0x000000000800177c       0x20 ./Src/usart.o
 .text.LL_USART_DisableIT_CTS
                0x000000000800179c       0x20 ./Src/usart.o
 .text.LL_USART_EnableDMAReq_RX
                0x00000000080017bc       0x20 ./Src/usart.o
 .text.LL_USART_EnableDMAReq_TX
                0x00000000080017dc       0x20 ./Src/usart.o
 .text.LL_USART_DMA_GetRegAddr
                0x00000000080017fc       0x2c ./Src/usart.o
 .text.USART2_RegisterCallback
                0x0000000008001828       0x24 ./Src/usart.o
                0x0000000008001828                USART2_RegisterCallback
 .text.MX_USART2_UART_Init
                0x000000000800184c      0x1b4 ./Src/usart.o
                0x000000000800184c                MX_USART2_UART_Init
 .text.USART2_CheckDmaReception
                0x0000000008001a00       0x98 ./Src/usart.o
                0x0000000008001a00                USART2_CheckDmaReception
 .text.Reset_Handler
                0x0000000008001a98       0x50 ./Startup/startup_stm32f303k8tx.o
                0x0000000008001a98                Reset_Handler
 .text.Default_Handler
                0x0000000008001ae8        0x2 ./Startup/startup_stm32f303k8tx.o
                0x0000000008001ae8                RTC_Alarm_IRQHandler
                0x0000000008001ae8                TIM1_CC_IRQHandler
                0x0000000008001ae8                PVD_IRQHandler
                0x0000000008001ae8                TAMP_STAMP_IRQHandler
                0x0000000008001ae8                EXTI3_IRQHandler
                0x0000000008001ae8                EXTI0_IRQHandler
                0x0000000008001ae8                FPU_IRQHandler
                0x0000000008001ae8                CAN_TX_IRQHandler
                0x0000000008001ae8                TIM1_UP_TIM16_IRQHandler
                0x0000000008001ae8                ADC1_2_IRQHandler
                0x0000000008001ae8                SPI1_IRQHandler
                0x0000000008001ae8                CAN_SCE_IRQHandler
                0x0000000008001ae8                DMA1_Channel4_IRQHandler
                0x0000000008001ae8                USART3_IRQHandler
                0x0000000008001ae8                TIM7_DAC2_IRQHandler
                0x0000000008001ae8                CAN_RX1_IRQHandler
                0x0000000008001ae8                I2C1_EV_IRQHandler
                0x0000000008001ae8                TIM3_IRQHandler
                0x0000000008001ae8                RCC_IRQHandler
                0x0000000008001ae8                DMA1_Channel1_IRQHandler
                0x0000000008001ae8                Default_Handler
                0x0000000008001ae8                EXTI15_10_IRQHandler
                0x0000000008001ae8                COMP2_IRQHandler
                0x0000000008001ae8                TIM6_DAC1_IRQHandler
                0x0000000008001ae8                EXTI9_5_IRQHandler
                0x0000000008001ae8                RTC_WKUP_IRQHandler
                0x0000000008001ae8                DMA1_Channel5_IRQHandler
                0x0000000008001ae8                EXTI4_IRQHandler
                0x0000000008001ae8                TIM1_TRG_COM_TIM17_IRQHandler
                0x0000000008001ae8                DMA1_Channel3_IRQHandler
                0x0000000008001ae8                WWDG_IRQHandler
                0x0000000008001ae8                TIM2_IRQHandler
                0x0000000008001ae8                EXTI1_IRQHandler
                0x0000000008001ae8                COMP4_6_IRQHandler
                0x0000000008001ae8                DMA1_Channel2_IRQHandler
                0x0000000008001ae8                FLASH_IRQHandler
                0x0000000008001ae8                USART1_IRQHandler
                0x0000000008001ae8                CAN_RX0_IRQHandler
                0x0000000008001ae8                I2C1_ER_IRQHandler
                0x0000000008001ae8                EXTI2_TSC_IRQHandler
                0x0000000008001ae8                TIM1_BRK_TIM15_IRQHandler
 *fill*         0x0000000008001aea        0x2 
 .text.__libc_init_array
                0x0000000008001aec       0x48 c:/st/stm32cubeide_1.7.0/stm32cubeide/plugins/com.st.stm32cube.ide.mcu.externaltools.gnu-tools-for-stm32.9-2020-q2-update.win32_2.0.0.202105311346/tools/bin/../lib/gcc/arm-none-eabi/9.3.1/../../../../arm-none-eabi/lib/thumb/v7e-m+fp/hard\libc_nano.a(lib_a-init.o)
                0x0000000008001aec                __libc_init_array
 *(.glue_7)
 .glue_7        0x0000000008001b34        0x0 linker stubs
 *(.glue_7t)
 .glue_7t       0x0000000008001b34        0x0 linker stubs
 *(.eh_frame)
 .eh_frame      0x0000000008001b34        0x0 c:/st/stm32cubeide_1.7.0/stm32cubeide/plugins/com.st.stm32cube.ide.mcu.externaltools.gnu-tools-for-stm32.9-2020-q2-update.win32_2.0.0.202105311346/tools/bin/../lib/gcc/arm-none-eabi/9.3.1/thumb/v7e-m+fp/hard/crtbegin.o
 *(.init)
 .init          0x0000000008001b34        0x4 c:/st/stm32cubeide_1.7.0/stm32cubeide/plugins/com.st.stm32cube.ide.mcu.externaltools.gnu-tools-for-stm32.9-2020-q2-update.win32_2.0.0.202105311346/tools/bin/../lib/gcc/arm-none-eabi/9.3.1/thumb/v7e-m+fp/hard/crti.o
                0x0000000008001b34                _init
 .init          0x0000000008001b38        0x8 c:/st/stm32cubeide_1.7.0/stm32cubeide/plugins/com.st.stm32cube.ide.mcu.externaltools.gnu-tools-for-stm32.9-2020-q2-update.win32_2.0.0.202105311346/tools/bin/../lib/gcc/arm-none-eabi/9.3.1/thumb/v7e-m+fp/hard/crtn.o
 *(.fini)
 .fini          0x0000000008001b40        0x4 c:/st/stm32cubeide_1.7.0/stm32cubeide/plugins/com.st.stm32cube.ide.mcu.externaltools.gnu-tools-for-stm32.9-2020-q2-update.win32_2.0.0.202105311346/tools/bin/../lib/gcc/arm-none-eabi/9.3.1/thumb/v7e-m+fp/hard/crti.o
                0x0000000008001b40                _fini
 .fini          0x0000000008001b44        0x8 c:/st/stm32cubeide_1.7.0/stm32cubeide/plugins/com.st.stm32cube.ide.mcu.externaltools.gnu-tools-for-stm32.9-2020-q2-update.win32_2.0.0.202105311346/tools/bin/../lib/gcc/arm-none-eabi/9.3.1/thumb/v7e-m+fp/hard/crtn.o
                0x0000000008001b4c                . = ALIGN (0x4)
                0x0000000008001b4c                _etext = .

.vfp11_veneer   0x0000000008001b4c        0x0
 .vfp11_veneer  0x0000000008001b4c        0x0 linker stubs

.v4_bx          0x0000000008001b4c        0x0
 .v4_bx         0x0000000008001b4c        0x0 linker stubs

.iplt           0x0000000008001b4c        0x0
 .iplt          0x0000000008001b4c        0x0 c:/st/stm32cubeide_1.7.0/stm32cubeide/plugins/com.st.stm32cube.ide.mcu.externaltools.gnu-tools-for-stm32.9-2020-q2-update.win32_2.0.0.202105311346/tools/bin/../lib/gcc/arm-none-eabi/9.3.1/thumb/v7e-m+fp/hard/crtbegin.o

.rodata         0x0000000008001b4c       0x28
                0x0000000008001b4c                . = ALIGN (0x4)
 *(.rodata)
 *(.rodata*)
 .rodata.CHANNEL_OFFSET_TAB
                0x0000000008001b4c        0x7 ./Src/stm32f3xx_it.o
 *fill*         0x0000000008001b53        0x1 
 .rodata.AHBPrescTable
                0x0000000008001b54       0x10 ./Src/system_stm32f3xx.o
                0x0000000008001b54                AHBPrescTable
 .rodata.APBPrescTable
                0x0000000008001b64        0x8 ./Src/system_stm32f3xx.o
                0x0000000008001b64                APBPrescTable
 .rodata.CHANNEL_OFFSET_TAB
                0x0000000008001b6c        0x7 ./Src/usart.o
                0x0000000008001b74                . = ALIGN (0x4)
 *fill*         0x0000000008001b73        0x1 

.rel.dyn        0x0000000008001b74        0x0
 .rel.iplt      0x0000000008001b74        0x0 c:/st/stm32cubeide_1.7.0/stm32cubeide/plugins/com.st.stm32cube.ide.mcu.externaltools.gnu-tools-for-stm32.9-2020-q2-update.win32_2.0.0.202105311346/tools/bin/../lib/gcc/arm-none-eabi/9.3.1/thumb/v7e-m+fp/hard/crtbegin.o

.ARM.extab      0x0000000008001b74        0x0
                0x0000000008001b74                . = ALIGN (0x4)
 *(.ARM.extab* .gnu.linkonce.armextab.*)
                0x0000000008001b74                . = ALIGN (0x4)

.ARM            0x0000000008001b74        0x0
                0x0000000008001b74                . = ALIGN (0x4)
                0x0000000008001b74                __exidx_start = .
 *(.ARM.exidx*)
                0x0000000008001b74                __exidx_end = .
                0x0000000008001b74                . = ALIGN (0x4)

.preinit_array  0x0000000008001b74        0x0
                0x0000000008001b74                . = ALIGN (0x4)
                0x0000000008001b74                PROVIDE (__preinit_array_start = .)
 *(.preinit_array*)
                0x0000000008001b74                PROVIDE (__preinit_array_end = .)
                0x0000000008001b74                . = ALIGN (0x4)

.init_array     0x0000000008001b74        0x4
                0x0000000008001b74                . = ALIGN (0x4)
                0x0000000008001b74                PROVIDE (__init_array_start = .)
 *(SORT_BY_NAME(.init_array.*))
 *(.init_array*)
 .init_array    0x0000000008001b74        0x4 c:/st/stm32cubeide_1.7.0/stm32cubeide/plugins/com.st.stm32cube.ide.mcu.externaltools.gnu-tools-for-stm32.9-2020-q2-update.win32_2.0.0.202105311346/tools/bin/../lib/gcc/arm-none-eabi/9.3.1/thumb/v7e-m+fp/hard/crtbegin.o
                0x0000000008001b78                PROVIDE (__init_array_end = .)
                0x0000000008001b78                . = ALIGN (0x4)

.fini_array     0x0000000008001b78        0x4
                0x0000000008001b78                . = ALIGN (0x4)
                [!provide]                        PROVIDE (__fini_array_start = .)
 *(SORT_BY_NAME(.fini_array.*))
 *(.fini_array*)
 .fini_array    0x0000000008001b78        0x4 c:/st/stm32cubeide_1.7.0/stm32cubeide/plugins/com.st.stm32cube.ide.mcu.externaltools.gnu-tools-for-stm32.9-2020-q2-update.win32_2.0.0.202105311346/tools/bin/../lib/gcc/arm-none-eabi/9.3.1/thumb/v7e-m+fp/hard/crtbegin.o
                [!provide]                        PROVIDE (__fini_array_end = .)
                0x0000000008001b7c                . = ALIGN (0x4)
                0x0000000008001b7c                _sidata = LOADADDR (.data)

.data           0x0000000020000000        0x4 load address 0x0000000008001b7c
                0x0000000020000000                . = ALIGN (0x4)
                0x0000000020000000                _sdata = .
 *(.data)
 *(.data*)
 .data.SystemCoreClock
                0x0000000020000000        0x4 ./Src/system_stm32f3xx.o
                0x0000000020000000                SystemCoreClock
                0x0000000020000004                . = ALIGN (0x4)
                0x0000000020000004                _edata = .

.igot.plt       0x0000000020000004        0x0 load address 0x0000000008001b80
 .igot.plt      0x0000000020000004        0x0 c:/st/stm32cubeide_1.7.0/stm32cubeide/plugins/com.st.stm32cube.ide.mcu.externaltools.gnu-tools-for-stm32.9-2020-q2-update.win32_2.0.0.202105311346/tools/bin/../lib/gcc/arm-none-eabi/9.3.1/thumb/v7e-m+fp/hard/crtbegin.o
                0x0000000020000004                . = ALIGN (0x4)

.bss            0x0000000020000004      0x130 load address 0x0000000008001b80
                0x0000000020000004                _sbss = .
                0x0000000020000004                __bss_start__ = _sbss
 *(.bss)
 .bss           0x0000000020000004       0x1c c:/st/stm32cubeide_1.7.0/stm32cubeide/plugins/com.st.stm32cube.ide.mcu.externaltools.gnu-tools-for-stm32.9-2020-q2-update.win32_2.0.0.202105311346/tools/bin/../lib/gcc/arm-none-eabi/9.3.1/thumb/v7e-m+fp/hard/crtbegin.o
 *(.bss*)
 .bss.SignStartDet
                0x0000000020000020        0x1 ./Src/main.o
                0x0000000020000020                SignStartDet
 .bss.SignEndDet
                0x0000000020000021        0x1 ./Src/main.o
                0x0000000020000021                SignEndDet
 .bss.capitalLetters.9153
                0x0000000020000022        0x1 ./Src/main.o
 .bss.smallLetters.9152
                0x0000000020000023        0x1 ./Src/main.o
 .bss.receivedLetters.9154
                0x0000000020000024        0x1 ./Src/main.o
 *fill*         0x0000000020000025        0x3 
 .bss.USART2_ProcessData
                0x0000000020000028        0x4 ./Src/usart.o
 .bss.old_pos.9143
                0x000000002000002c        0x2 ./Src/usart.o
 *(COMMON)
 *fill*         0x000000002000002e        0x2 
 COMMON         0x0000000020000030        0x2 ./Src/main.o
                0x0000000020000030                LetterCount
 *fill*         0x0000000020000032        0x2 
 COMMON         0x0000000020000034      0x100 ./Src/usart.o
                0x0000000020000034                bufferUSART2dma
                0x0000000020000134                . = ALIGN (0x4)
                0x0000000020000134                _ebss = .
                0x0000000020000134                __bss_end__ = _ebss

._user_heap_stack
                0x0000000020000134      0x604 load address 0x0000000008001b80
                0x0000000020000138                . = ALIGN (0x8)
 *fill*         0x0000000020000134        0x4 
                0x0000000020000138                PROVIDE (end = .)
                [!provide]                        PROVIDE (_end = .)
                0x0000000020000338                . = (. + _Min_Heap_Size)
 *fill*         0x0000000020000138      0x200 
                0x0000000020000738                . = (. + _Min_Stack_Size)
 *fill*         0x0000000020000338      0x400 
                0x0000000020000738                . = ALIGN (0x8)

/DISCARD/
 libc.a(*)
 libm.a(*)
 libgcc.a(*)

.ARM.attributes
                0x0000000000000000       0x30
 *(.ARM.attributes)
 .ARM.attributes
                0x0000000000000000       0x1e c:/st/stm32cubeide_1.7.0/stm32cubeide/plugins/com.st.stm32cube.ide.mcu.externaltools.gnu-tools-for-stm32.9-2020-q2-update.win32_2.0.0.202105311346/tools/bin/../lib/gcc/arm-none-eabi/9.3.1/thumb/v7e-m+fp/hard/crti.o
 .ARM.attributes
                0x000000000000001e       0x34 c:/st/stm32cubeide_1.7.0/stm32cubeide/plugins/com.st.stm32cube.ide.mcu.externaltools.gnu-tools-for-stm32.9-2020-q2-update.win32_2.0.0.202105311346/tools/bin/../lib/gcc/arm-none-eabi/9.3.1/thumb/v7e-m+fp/hard/crtbegin.o
 .ARM.attributes
                0x0000000000000052       0x34 ./Drivers/STM32F3xx_HAL_Driver/Src/stm32f3xx_ll_gpio.o
 .ARM.attributes
                0x0000000000000086       0x34 ./Drivers/STM32F3xx_HAL_Driver/Src/stm32f3xx_ll_rcc.o
 .ARM.attributes
                0x00000000000000ba       0x34 ./Drivers/STM32F3xx_HAL_Driver/Src/stm32f3xx_ll_usart.o
 .ARM.attributes
                0x00000000000000ee       0x34 ./Drivers/STM32F3xx_HAL_Driver/Src/stm32f3xx_ll_utils.o
 .ARM.attributes
                0x0000000000000122       0x34 ./Src/dma.o
 .ARM.attributes
                0x0000000000000156       0x34 ./Src/gpio.o
 .ARM.attributes
                0x000000000000018a       0x34 ./Src/main.o
 .ARM.attributes
                0x00000000000001be       0x34 ./Src/stm32f3xx_it.o
 .ARM.attributes
                0x00000000000001f2       0x34 ./Src/system_stm32f3xx.o
 .ARM.attributes
                0x0000000000000226       0x34 ./Src/usart.o
 .ARM.attributes
                0x000000000000025a       0x21 ./Startup/startup_stm32f303k8tx.o
 .ARM.attributes
                0x000000000000027b       0x34 c:/st/stm32cubeide_1.7.0/stm32cubeide/plugins/com.st.stm32cube.ide.mcu.externaltools.gnu-tools-for-stm32.9-2020-q2-update.win32_2.0.0.202105311346/tools/bin/../lib/gcc/arm-none-eabi/9.3.1/../../../../arm-none-eabi/lib/thumb/v7e-m+fp/hard\libc_nano.a(lib_a-init.o)
 .ARM.attributes
                0x00000000000002af       0x1e c:/st/stm32cubeide_1.7.0/stm32cubeide/plugins/com.st.stm32cube.ide.mcu.externaltools.gnu-tools-for-stm32.9-2020-q2-update.win32_2.0.0.202105311346/tools/bin/../lib/gcc/arm-none-eabi/9.3.1/thumb/v7e-m+fp/hard/crtn.o
OUTPUT(usart_DMA.elf elf32-littlearm)
LOAD linker stubs
LOAD c:/st/stm32cubeide_1.7.0/stm32cubeide/plugins/com.st.stm32cube.ide.mcu.externaltools.gnu-tools-for-stm32.9-2020-q2-update.win32_2.0.0.202105311346/tools/bin/../lib/gcc/arm-none-eabi/9.3.1/../../../../arm-none-eabi/lib/thumb/v7e-m+fp/hard\libc.a
LOAD c:/st/stm32cubeide_1.7.0/stm32cubeide/plugins/com.st.stm32cube.ide.mcu.externaltools.gnu-tools-for-stm32.9-2020-q2-update.win32_2.0.0.202105311346/tools/bin/../lib/gcc/arm-none-eabi/9.3.1/../../../../arm-none-eabi/lib/thumb/v7e-m+fp/hard\libm.a
LOAD c:/st/stm32cubeide_1.7.0/stm32cubeide/plugins/com.st.stm32cube.ide.mcu.externaltools.gnu-tools-for-stm32.9-2020-q2-update.win32_2.0.0.202105311346/tools/bin/../lib/gcc/arm-none-eabi/9.3.1/thumb/v7e-m+fp/hard\libgcc.a

.debug_info     0x0000000000000000     0x776a
 .debug_info    0x0000000000000000      0x7ce ./Drivers/STM32F3xx_HAL_Driver/Src/stm32f3xx_ll_gpio.o
 .debug_info    0x00000000000007ce      0x74c ./Drivers/STM32F3xx_HAL_Driver/Src/stm32f3xx_ll_rcc.o
 .debug_info    0x0000000000000f1a      0x729 ./Drivers/STM32F3xx_HAL_Driver/Src/stm32f3xx_ll_usart.o
 .debug_info    0x0000000000001643      0x87b ./Drivers/STM32F3xx_HAL_Driver/Src/stm32f3xx_ll_utils.o
 .debug_info    0x0000000000001ebe      0xfa5 ./Src/dma.o
 .debug_info    0x0000000000002e63      0xc74 ./Src/gpio.o
 .debug_info    0x0000000000003ad7     0x107d ./Src/main.o
 .debug_info    0x0000000000004b54      0xe10 ./Src/stm32f3xx_it.o
 .debug_info    0x0000000000005964      0x439 ./Src/system_stm32f3xx.o
 .debug_info    0x0000000000005d9d     0x19ab ./Src/usart.o
 .debug_info    0x0000000000007748       0x22 ./Startup/startup_stm32f303k8tx.o

.debug_abbrev   0x0000000000000000     0x16b6
 .debug_abbrev  0x0000000000000000      0x23b ./Drivers/STM32F3xx_HAL_Driver/Src/stm32f3xx_ll_gpio.o
 .debug_abbrev  0x000000000000023b      0x261 ./Drivers/STM32F3xx_HAL_Driver/Src/stm32f3xx_ll_rcc.o
 .debug_abbrev  0x000000000000049c      0x1d7 ./Drivers/STM32F3xx_HAL_Driver/Src/stm32f3xx_ll_usart.o
 .debug_abbrev  0x0000000000000673      0x293 ./Drivers/STM32F3xx_HAL_Driver/Src/stm32f3xx_ll_utils.o
 .debug_abbrev  0x0000000000000906      0x26e ./Src/dma.o
 .debug_abbrev  0x0000000000000b74      0x211 ./Src/gpio.o
 .debug_abbrev  0x0000000000000d85      0x2b7 ./Src/main.o
 .debug_abbrev  0x000000000000103c      0x259 ./Src/stm32f3xx_it.o
 .debug_abbrev  0x0000000000001295      0x129 ./Src/system_stm32f3xx.o
 .debug_abbrev  0x00000000000013be      0x2e6 ./Src/usart.o
 .debug_abbrev  0x00000000000016a4       0x12 ./Startup/startup_stm32f303k8tx.o

.debug_aranges  0x0000000000000000      0x620
 .debug_aranges
                0x0000000000000000       0x70 ./Drivers/STM32F3xx_HAL_Driver/Src/stm32f3xx_ll_gpio.o
 .debug_aranges
                0x0000000000000070      0x100 ./Drivers/STM32F3xx_HAL_Driver/Src/stm32f3xx_ll_rcc.o
 .debug_aranges
                0x0000000000000170       0x88 ./Drivers/STM32F3xx_HAL_Driver/Src/stm32f3xx_ll_usart.o
 .debug_aranges
                0x00000000000001f8       0xf0 ./Drivers/STM32F3xx_HAL_Driver/Src/stm32f3xx_ll_utils.o
 .debug_aranges
                0x00000000000002e8       0x38 ./Src/dma.o
 .debug_aranges
                0x0000000000000320       0x30 ./Src/gpio.o
 .debug_aranges
                0x0000000000000350       0xa8 ./Src/main.o
 .debug_aranges
                0x00000000000003f8       0xc8 ./Src/stm32f3xx_it.o
 .debug_aranges
                0x00000000000004c0       0x28 ./Src/system_stm32f3xx.o
 .debug_aranges
                0x00000000000004e8      0x110 ./Src/usart.o
 .debug_aranges
                0x00000000000005f8       0x28 ./Startup/startup_stm32f303k8tx.o

.debug_ranges   0x0000000000000000      0x578
 .debug_ranges  0x0000000000000000       0x60 ./Drivers/STM32F3xx_HAL_Driver/Src/stm32f3xx_ll_gpio.o
 .debug_ranges  0x0000000000000060       0xf0 ./Drivers/STM32F3xx_HAL_Driver/Src/stm32f3xx_ll_rcc.o
 .debug_ranges  0x0000000000000150       0x78 ./Drivers/STM32F3xx_HAL_Driver/Src/stm32f3xx_ll_usart.o
 .debug_ranges  0x00000000000001c8       0xe0 ./Drivers/STM32F3xx_HAL_Driver/Src/stm32f3xx_ll_utils.o
 .debug_ranges  0x00000000000002a8       0x28 ./Src/dma.o
 .debug_ranges  0x00000000000002d0       0x20 ./Src/gpio.o
 .debug_ranges  0x00000000000002f0       0x98 ./Src/main.o
 .debug_ranges  0x0000000000000388       0xb8 ./Src/stm32f3xx_it.o
 .debug_ranges  0x0000000000000440       0x18 ./Src/system_stm32f3xx.o
 .debug_ranges  0x0000000000000458      0x100 ./Src/usart.o
 .debug_ranges  0x0000000000000558       0x20 ./Startup/startup_stm32f303k8tx.o

.debug_macro    0x0000000000000000     0x2f7d
 .debug_macro   0x0000000000000000      0x10c ./Drivers/STM32F3xx_HAL_Driver/Src/stm32f3xx_ll_gpio.o
 .debug_macro   0x000000000000010c      0x149 ./Drivers/STM32F3xx_HAL_Driver/Src/stm32f3xx_ll_gpio.o
 .debug_macro   0x0000000000000255       0xff ./Drivers/STM32F3xx_HAL_Driver/Src/stm32f3xx_ll_rcc.o
 .debug_macro   0x0000000000000354      0x4b5 ./Drivers/STM32F3xx_HAL_Driver/Src/stm32f3xx_ll_rcc.o
 .debug_macro   0x0000000000000809      0x13f ./Drivers/STM32F3xx_HAL_Driver/Src/stm32f3xx_ll_usart.o
 .debug_macro   0x0000000000000948      0x2f1 ./Drivers/STM32F3xx_HAL_Driver/Src/stm32f3xx_ll_usart.o
 .debug_macro   0x0000000000000c39      0x4bb ./Drivers/STM32F3xx_HAL_Driver/Src/stm32f3xx_ll_usart.o
 .debug_macro   0x00000000000010f4      0x14a ./Drivers/STM32F3xx_HAL_Driver/Src/stm32f3xx_ll_utils.o
 .debug_macro   0x000000000000123e       0x30 ./Drivers/STM32F3xx_HAL_Driver/Src/stm32f3xx_ll_utils.o
 .debug_macro   0x000000000000126e      0x2a5 ./Drivers/STM32F3xx_HAL_Driver/Src/stm32f3xx_ll_utils.o
 .debug_macro   0x0000000000001513       0xaf ./Drivers/STM32F3xx_HAL_Driver/Src/stm32f3xx_ll_utils.o
 .debug_macro   0x00000000000015c2      0x216 ./Src/dma.o
 .debug_macro   0x00000000000017d8      0x102 ./Src/dma.o
 .debug_macro   0x00000000000018da       0x28 ./Src/dma.o
 .debug_macro   0x0000000000001902      0x2f7 ./Src/dma.o
 .debug_macro   0x0000000000001bf9      0x14f ./Src/dma.o
 .debug_macro   0x0000000000001d48       0x52 ./Src/dma.o
 .debug_macro   0x0000000000001d9a       0x18 ./Src/dma.o
 .debug_macro   0x0000000000001db2       0x3c ./Src/dma.o
 .debug_macro   0x0000000000001dee       0x34 ./Src/dma.o
 .debug_macro   0x0000000000001e22      0x174 ./Src/dma.o
 .debug_macro   0x0000000000001f96       0x16 ./Src/dma.o
 .debug_macro   0x0000000000001fac       0x43 ./Src/dma.o
 .debug_macro   0x0000000000001fef       0x34 ./Src/dma.o
 .debug_macro   0x0000000000002023       0x10 ./Src/dma.o
 .debug_macro   0x0000000000002033       0x58 ./Src/dma.o
 .debug_macro   0x000000000000208b       0x71 ./Src/dma.o
 .debug_macro   0x00000000000020fc       0x1c ./Src/dma.o
 .debug_macro   0x0000000000002118      0x12a ./Src/dma.o
 .debug_macro   0x0000000000002242      0x339 ./Src/dma.o
 .debug_macro   0x000000000000257b       0x10 ./Src/dma.o
 .debug_macro   0x000000000000258b       0x35 ./Src/dma.o
 .debug_macro   0x00000000000025c0       0x20 ./Src/dma.o
 .debug_macro   0x00000000000025e0       0x34 ./Src/dma.o
 .debug_macro   0x0000000000002614      0x216 ./Src/gpio.o
 .debug_macro   0x000000000000282a      0x22d ./Src/main.o
 .debug_macro   0x0000000000002a57       0x10 ./Src/main.o
 .debug_macro   0x0000000000002a67      0x22a ./Src/stm32f3xx_it.o
 .debug_macro   0x0000000000002c91       0xd0 ./Src/system_stm32f3xx.o
 .debug_macro   0x0000000000002d61      0x21c ./Src/usart.o

.debug_line     0x0000000000000000     0x524f
 .debug_line    0x0000000000000000      0x755 ./Drivers/STM32F3xx_HAL_Driver/Src/stm32f3xx_ll_gpio.o
 .debug_line    0x0000000000000755      0x909 ./Drivers/STM32F3xx_HAL_Driver/Src/stm32f3xx_ll_rcc.o
 .debug_line    0x000000000000105e      0x6de ./Drivers/STM32F3xx_HAL_Driver/Src/stm32f3xx_ll_usart.o
 .debug_line    0x000000000000173c      0x8fd ./Drivers/STM32F3xx_HAL_Driver/Src/stm32f3xx_ll_utils.o
 .debug_line    0x0000000000002039      0x76e ./Src/dma.o
 .debug_line    0x00000000000027a7      0x738 ./Src/gpio.o
 .debug_line    0x0000000000002edf      0x997 ./Src/main.o
 .debug_line    0x0000000000003876      0x946 ./Src/stm32f3xx_it.o
 .debug_line    0x00000000000041bc      0x4fd ./Src/system_stm32f3xx.o
 .debug_line    0x00000000000046b9      0xb15 ./Src/usart.o
 .debug_line    0x00000000000051ce       0x81 ./Startup/startup_stm32f303k8tx.o

.debug_str      0x0000000000000000    0x70f19
 .debug_str     0x0000000000000000    0x64748 ./Drivers/STM32F3xx_HAL_Driver/Src/stm32f3xx_ll_gpio.o
                                      0x648f9 (size before relaxing)
 .debug_str     0x0000000000064748     0x27f1 ./Drivers/STM32F3xx_HAL_Driver/Src/stm32f3xx_ll_rcc.o
                                      0x65d23 (size before relaxing)
 .debug_str     0x0000000000066f39     0x1a39 ./Drivers/STM32F3xx_HAL_Driver/Src/stm32f3xx_ll_usart.o
                                      0x67837 (size before relaxing)
 .debug_str     0x0000000000068972     0x2d33 ./Drivers/STM32F3xx_HAL_Driver/Src/stm32f3xx_ll_utils.o
                                      0x68593 (size before relaxing)
 .debug_str     0x000000000006b6a5     0x50ce ./Src/dma.o
                                      0x6e7a6 (size before relaxing)
 .debug_str     0x0000000000070773       0x3c ./Src/gpio.o
                                      0x6e476 (size before relaxing)
 .debug_str     0x00000000000707af      0x16f ./Src/main.o
                                      0x6e6c0 (size before relaxing)
 .debug_str     0x000000000007091e      0x225 ./Src/stm32f3xx_it.o
                                      0x6e5d0 (size before relaxing)
 .debug_str     0x0000000000070b43       0x64 ./Src/system_stm32f3xx.o
                                      0x6359f (size before relaxing)
 .debug_str     0x0000000000070ba7      0x341 ./Src/usart.o
                                      0x6ecae (size before relaxing)
 .debug_str     0x0000000000070ee8       0x31 ./Startup/startup_stm32f303k8tx.o
                                         0x5a (size before relaxing)

.comment        0x0000000000000000       0x53
 .comment       0x0000000000000000       0x53 ./Drivers/STM32F3xx_HAL_Driver/Src/stm32f3xx_ll_gpio.o
                                         0x54 (size before relaxing)
 .comment       0x0000000000000053       0x54 ./Drivers/STM32F3xx_HAL_Driver/Src/stm32f3xx_ll_rcc.o
 .comment       0x0000000000000053       0x54 ./Drivers/STM32F3xx_HAL_Driver/Src/stm32f3xx_ll_usart.o
 .comment       0x0000000000000053       0x54 ./Drivers/STM32F3xx_HAL_Driver/Src/stm32f3xx_ll_utils.o
 .comment       0x0000000000000053       0x54 ./Src/dma.o
 .comment       0x0000000000000053       0x54 ./Src/gpio.o
 .comment       0x0000000000000053       0x54 ./Src/main.o
 .comment       0x0000000000000053       0x54 ./Src/stm32f3xx_it.o
 .comment       0x0000000000000053       0x54 ./Src/system_stm32f3xx.o
 .comment       0x0000000000000053       0x54 ./Src/usart.o

.debug_frame    0x0000000000000000     0x1800
 .debug_frame   0x0000000000000000      0x1c0 ./Drivers/STM32F3xx_HAL_Driver/Src/stm32f3xx_ll_gpio.o
 .debug_frame   0x00000000000001c0      0x408 ./Drivers/STM32F3xx_HAL_Driver/Src/stm32f3xx_ll_rcc.o
 .debug_frame   0x00000000000005c8      0x238 ./Drivers/STM32F3xx_HAL_Driver/Src/stm32f3xx_ll_usart.o
 .debug_frame   0x0000000000000800      0x3dc ./Drivers/STM32F3xx_HAL_Driver/Src/stm32f3xx_ll_utils.o
 .debug_frame   0x0000000000000bdc       0xa4 ./Src/dma.o
 .debug_frame   0x0000000000000c80       0x84 ./Src/gpio.o
 .debug_frame   0x0000000000000d04      0x2a0 ./Src/main.o
 .debug_frame   0x0000000000000fa4      0x2f4 ./Src/stm32f3xx_it.o
 .debug_frame   0x0000000000001298       0x58 ./Src/system_stm32f3xx.o
 .debug_frame   0x00000000000012f0      0x4e4 ./Src/usart.o
 .debug_frame   0x00000000000017d4       0x2c c:/st/stm32cubeide_1.7.0/stm32cubeide/plugins/com.st.stm32cube.ide.mcu.externaltools.gnu-tools-for-stm32.9-2020-q2-update.win32_2.0.0.202105311346/tools/bin/../lib/gcc/arm-none-eabi/9.3.1/../../../../arm-none-eabi/lib/thumb/v7e-m+fp/hard\libc_nano.a(lib_a-init.o)
